
> frontend@0.0.0 build
> vite build

[36mvite v7.2.2 [32mbuilding client environment for production...[36m[39m
transforming...
[32mΓ£ô[39m 2173 modules transformed.
rendering chunks...
computing gzip size...
[2mdist/[22m[32mindex.html                                [39m[1m[2m  2.24 kB[22m[1m[22m[2m Γöé gzip:   0.80 kB[22m
[2mdist/[22m[32massets/gallimg2-C9HwmQxZ.webp             [39m[1m[2m 36.39 kB[22m[1m[22m
[2mdist/[22m[32massets/heroImage-C104RI7Z.webp            [39m[1m[2m 56.04 kB[22m[1m[22m
[2mdist/[22m[32massets/industrial-ylOqvva1.webp           [39m[1m[2m120.14 kB[22m[1m[22m
[2mdist/[22m[32massets/emirategalleryconst-WYEeybcN.webp  [39m[1m[2m161.48 kB[22m[1m[22m
[2mdist/[22m[32massets/resisdential-BuHBBVcJ.webp         [39m[1m[2m208.65 kB[22m[1m[22m
[2mdist/[22m[32massets/provideleft-B_K4AkMd.webp          [39m[1m[2m249.29 kB[22m[1m[22m
[2mdist/[22m[32massets/featleft-Ch1voRAL.webp             [39m[1m[2m296.06 kB[22m[1m[22m
[2mdist/[22m[32massets/commercial-DM22NBz1.webp           [39m[1m[2m302.62 kB[22m[1m[22m
[2mdist/[22m[32massets/provide-Bdo4RGLA.webp              [39m[1m[2m358.01 kB[22m[1m[22m
[2mdist/[22m[35massets/index-CM0JRl22.css                 [39m[1m[2m 55.95 kB[22m[1m[22m[2m Γöé gzip:   9.51 kB[22m
[2mdist/[22m[36massets/index-C1sil7Oo.js                  [39m[1m[33m600.75 kB[39m[22m[2m Γöé gzip: 202.62 kB[22m
[32mΓ£ô built in 4.35s[39m
